
 RUN  v5.0.3 C:/Users/silas/Projects/OncoGlobal

⎯⎯⎯⎯⎯⎯ Unhandled Errors ⎯⎯⎯⎯⎯⎯

Vitest caught 1 unhandled error during the test run.
This might cause false positive tests. Resolve unhandled errors to make sure your tests are not affected.

⎯⎯⎯⎯⎯⎯ Unhandled Error ⎯⎯⎯⎯⎯⎯⎯
Error: [vitest-pool]: Worker forks emitted error.
 ❯ EventEmitter.onTaskError node_modules/vitest/dist/chunks/index.DpLw24bj.js:11532:21
 ❯ EventEmitter.emit node:events:509:28
 ❯ ChildProcess.emitUnexpectedExit node_modules/vitest/dist/chunks/index.DpLw24bj.js:11007:22
 ❯ ChildProcess.emit node:events:509:28
 ❯ Process.ChildProcess._handle.onexit node:internal/child_process:295:12

Caused by: Error: Worker exited unexpectedly with exit code 3221226505 during started state while running test file C:/Users/silas/Projects/OncoGlobal/tests/w10-luna2/identidade-http.test.ts
 ❯ ChildProcess.emitUnexpectedExit node_modules/vitest/dist/chunks/index.DpLw24bj.js:11005:33
 ❯ ChildProcess.emit node:events:509:28
 ❯ Process.ChildProcess._handle.onexit node:internal/child_process:295:12

⎯⎯⎯⎯⎯⎯⎯⎯⎯⎯⎯⎯⎯⎯⎯⎯⎯⎯⎯⎯⎯⎯⎯⎯⎯⎯⎯⎯⎯⎯


 Test Files  62 passed (63)
      Tests  498 passed (499)
     Errors  1 error
   Start at  19:09:57
   Duration  48.84s (tests 50%, import 39%, transform 9%, worker 2%)

    Isolate  63 workers spawned · ~247ms startup each (spawn + environment, per file)
             at least ~15.33s faster with isolate: false — reuses workers across files instead of one per file

