
 RUN  v5.0.3 C:/Users/silas/Projects/OncoGlobal-wt/f0f-luna4

 ❯ tests/server/leituras-http.test.ts (1 test | 1 failed) 869ms
   × serve seis leituras HTTP do ledger com escopo por paciente/encontro e pendências explícitas 864ms

⎯⎯⎯⎯⎯⎯⎯ Failed Tests 1 ⎯⎯⎯⎯⎯⎯⎯

 FAIL  tests/server/leituras-http.test.ts > serve seis leituras HTTP do ledger com escopo por paciente/encontro e pendências explícitas
AssertionError: expected [ { apac: { …(11) }, …(10) } ] to match object [ { …(3) } ]
(21 matching properties omitted from actual)

- Expected
+ Received

@@ -1,10 +1,8 @@
  [
    {
-     "antiglosa": {
-       "exportavel": false,
-     },
+     "antiglosa": null,
      "apac": {
        "apacId": "apac-42",
      },
      "patientId": "Paciente Teste 42",
    },

 ❯ tests/server/leituras-http.test.ts:193:28
    191|   const apacs = await post("/consulta/apac", {});
    192|   expect(apacs.status).toBe(200);
    193|   expect(apacs.data.itens).toMatchObject([{ patientId: patientB.patien…
       |                            ^
    194|   const consultaB = await post("/consulta/carregar", { patientId: pati…
    195|   expect(consultaB.status).toBe(200);

⎯⎯⎯⎯⎯⎯⎯⎯⎯⎯⎯⎯⎯⎯⎯⎯⎯⎯⎯⎯⎯⎯⎯⎯[1/1]⎯


 Test Files  1 failed | 17 passed (18)
      Tests  1 failed | 81 passed (82)
   Start at  15:28:58
   Duration  45.84s (tests 39%, import 27%, transform 24%, environment 9%, worker 1%)

     Import  132 modules were evaluated 1007 times · 10.67s total, 27% of tracked time
             ~9.27s faster with isolate: false — shared modules are evaluated once per worker instead of once per file
             learn more: https://vitest.dev/guide/improving-performance#test-isolation

