
 RUN  v5.0.3 C:/Users/silas/Projects/OncoGlobal-wt/f0f-luna4

 ❯ tests/server/leituras-http.test.ts (1 test | 1 failed) 652ms
   × serve seis leituras HTTP do ledger com escopo por paciente/encontro e pendências explícitas 649ms

⎯⎯⎯⎯⎯⎯⎯ Failed Tests 1 ⎯⎯⎯⎯⎯⎯⎯

 FAIL  tests/server/leituras-http.test.ts > serve seis leituras HTTP do ledger com escopo por paciente/encontro e pendências explícitas
AssertionError: expected [ { apac: { …(11) }, …(10) } ] to match object [ { …(3) } ]
(21 matching properties omitted from actual)

- Expected
+ Received

@@ -1,10 +1,8 @@
  [
    {
-     "antiglosa": {
-       "exportavel": false,
-     },
+     "antiglosa": null,
      "apac": {
        "apacId": "apac-42",
      },
      "patientId": "Paciente Teste 42",
    },

 ❯ tests/server/leituras-http.test.ts:193:28
    191|   const apacs = await post("/consulta/apac", {});
    192|   expect(apacs.status).toBe(200);
    193|   expect(apacs.data.itens).toMatchObject([{ patientId: patientB.patien…
       |                            ^
    194|   const consultaB = await post("/consulta/carregar", { patientId: pati…
    195|   expect(consultaB.status).toBe(200);

⎯⎯⎯⎯⎯⎯⎯⎯⎯⎯⎯⎯⎯⎯⎯⎯⎯⎯⎯⎯⎯⎯⎯⎯[1/1]⎯


 Test Files  1 failed (1)
      Tests  1 failed (1)
   Start at  15:30:09
   Duration  2.68s (transform 50%, tests 28%, import 21%, worker 1%)

