
 RUN  v5.0.3 C:/Users/silas/Projects/OncoGlobal

 ❯ tests/w10-cursor/layout.test.tsx (6 tests | 1 failed) 3007ms
   ❯ casca OncoChart (4)
     × Ctrl K e a busca abrem a mesma paleta de comandos 551ms

⎯⎯⎯⎯⎯⎯⎯ Failed Tests 1 ⎯⎯⎯⎯⎯⎯⎯

 FAIL  tests/w10-cursor/layout.test.tsx > casca OncoChart > Ctrl K e a busca abrem a mesma paleta de comandos
TestingLibraryElementError: Unable to find an accessible element with the role "dialog" and name "Barra de comando"

Here are the accessible roles:

  navigation:

  Name "Seções":
  <nav
    aria-label="Seções"
    class="oc-rail"
    data-coluna="trilho"
  />

  Name "Trilha":
  <nav
    aria-label="Trilha"
    class="oc-crumb"
  />

  --------------------------------------------------
  button:

  Name "Agenda":
  <button
    aria-current="page"
    aria-label="Agenda"
    class="oc-rail-btn"
    title="Agenda"
    type="button"
  />

  Name "Prontuário":
  <button
    aria-label="Prontuário"
    class="oc-rail-btn"
    title="Prontuário"
    type="button"
  />

  Name "Salão":
  <button
    aria-label="Salão"
    class="oc-rail-btn"
    title="Salão"
    type="button"
  />

  Name "Canal":
  <button
    aria-label="Canal"
    class="oc-rail-btn"
    title="Canal"
    type="button"
  />

  Name "APAC":
  <button
    aria-label="APAC"
    class="oc-rail-btn"
    title="APAC"
    type="button"
  />

  Name "Buscar":
  <button
    aria-keyshortcuts="Control+K"
    aria-label="Buscar"
    class="oc-busca"
    type="button"
  />

  Name "Dia / noite, agora noite":
  <button
    aria-label="Dia / noite, agora noite"
    aria-pressed="true"
    class="oc-tema"
    type="button"
  />

  Name "Alertas":
  <button
    aria-expanded="false"
    aria-haspopup="true"
    aria-label="Alertas"
    class="oc-icon-btn"
    type="button"
  />

  Name "Usuário":
  <button
    aria-expanded="false"
    aria-haspopup="true"
    aria-label="Usuário"
    class="oc-avatar"
    type="button"
  />

  Name "próximo paciente":
  <button
    type="button"
  />

  Name "abrir Paciente Teste 03 PR-PENDENTE":
  <button
    type="button"
  />

  Name "abrir Paciente Teste PR-VERDE":
  <button
    type="button"
  />

  Name "abrir Paciente Teste 04 PR-E1":
  <button
    type="button"
  />

  Name "abrir Paciente Teste PR-VERMELHO":
  <button
    type="button"
  />

  Name "abrir Paciente Teste 05 PR-MULTI":
  <button
    type="button"
  />

  Name "abrir Paciente Teste 06 PR-CANAL":
  <button
    type="button"
  />

  --------------------------------------------------
  main:

  Name "":
  <main
    class="oc-main"
    data-coluna="principal"
  />

  --------------------------------------------------
  banner:

  Name "":
  <header
    class="oc-topbar"
  />

  --------------------------------------------------
  heading:

  Name "OncoGlobal — WORK":
  <h1 />

  Name "Agenda do dia":
  <h1 />

  --------------------------------------------------
  region:

  Name "Comandos":
  <section
    aria-label="Comandos"
    class="oc-comandos"
  />

  Name "Agenda do dia":
  <section
    aria-label="Agenda do dia"
    class="pilha"
  />

  --------------------------------------------------
  list:

  Name "":
  <ol />

  --------------------------------------------------
  listitem:

  Name "":
  <li
    data-patient="pt-pendente"
  />

  Name "":
  <li
    data-patient="pt-verde"
  />

  Name "":
  <li
    data-patient="pt-e1"
  />

  Name "":
  <li
    data-patient="pt-vermelho"
  />

  Name "":
  <li
    data-patient="pt-multi"
  />

  Name "":
  <li
    data-patient="pt-canal"
  />

  --------------------------------------------------
  paragraph:

  Name "":
  <p />

  Name "":
  <p
    class="semaforo semaforo-pendente"
    data-semaforo="PENDENTE"
  />

  Name "":
  <p />

  Name "":
  <p />

  Name "":
  <p />

  Name "":
  <p />

  Name "":
  <p
    class="semaforo semaforo-verde"
    data-semaforo="VERDE"
  />

  Name "":
  <p />

  Name "":
  <p />

  Name "":
  <p />

  Name "":
  <p />

  Name "":
  <p
    class="semaforo semaforo-vermelho"
    data-semaforo="VERMELHO"
  />

  Name "":
  <p />

  Name "":
  <p />

  Name "":
  <p />

  Name "":
  <p />

  Name "":
  <p />

  Name "":
  <p
    class="semaforo semaforo-vermelho"
    data-semaforo="VERMELHO"
  />

  Name "":
  <p />

  Name "":
  <p />

  Name "":
  <p />

  Name "":
  <p />

  Name "":
  <p
    class="semaforo semaforo-verde"
    data-semaforo="VERDE"
  />

  Name "":
  <p />

  Name "":
  <p />

  Name "":
  <p />

  Name "":
  <p />

  Name "":
  <p
    class="semaforo semaforo-verde"
    data-semaforo="VERDE"
  />

  Name "":
  <p />

  Name "":
  <p />

  Name "":
  <p />

  --------------------------------------------------
  complementary:

  Name "Painel lateral":
  <aside
    aria-label="Painel lateral"
    class="oc-side"
    data-coluna="lateral"
  />

  --------------------------------------------------

Ignored nodes: comments, script, style
<body>
  <div>
    <div
      class="oc-viewport"
      data-tema-onco="noite"
    >
      <div
        class="oc-canvas"
        data-canvas="1680x1000"
        style="width: 1680px; height: 1000px; transform: translate(0px, 79.23809523809518px) scale(0.6095238095238096);"
      >
        <div
          class="oc-app"
          data-grade="58-1fr-396"
        >
          <nav
            aria-label="Seções"
            class="oc-rail"
            data-coluna="trilho"
          >
            <div
              aria-hidden="true"
              class="oc-logo"
            >
              On
            </div>
            <button
              aria-current="page"
              aria-label="Agenda"
              class="oc-rail-btn"
              title="Agenda"
              type="button"
            >
              <svg
                aria-hidden="true"
                fill="none"
                focusable="false"
                stroke="currentColor"
                stroke-linecap="round"
                stroke-linejoin="round"
                stroke-width="1.8"
                viewBox="0 0 24 24"
              >
                <rect
                  height="16"
                  rx="2"
                  width="16"
                  x="4"
                  y="5"
                />
                <path
                  d="M4 10h16M8 3v4M16 3v4"
                />
                <path
                  d="M8 14h3M8 17.5h5"
                />
              </svg>
            </button>
            <button
              aria-label="Prontuário"
              class="oc-rail-btn"
              title="Prontuário"
              type="button"
            >
              <svg
                aria-hidden="true"
                fill="none"
                focusable="false"
                stroke="currentColor"
                stroke-linecap="round"
                stroke-linejoin="round"
                stroke-width="1.8"
                viewBox="0 0 24 24"
              >
                <rect
                  height="17"
                  rx="2"
                  width="14"
                  x="5"
                  y="4"
                />
                <rect
                  height="4"
                  rx="1"
                  width="6"
                  x="9"
                  y="2"
                />
                <path
                  d="M9 12h6M9 16h4"
                />
              </svg>
            </button>
            <button
              aria-label="Salão"
              class="oc-rail-btn"
              title="Salão"
              type="button"
            >
              <svg
                aria-hidden="true"
                fill="none"
                focusable="false"
                stroke="currentColor"
                stroke-linecap="round"
                stroke-linejoin="round"
                stroke-width="1.8"
                viewBox="0 0 24 24"
              >
                <path
                  d="M12 20.5S4 15.5 4 10a4.2 4.2 0 017-3.1A4.2 4.2 0 0120 10c0 5.5-8 10.5-8 10.5z"
                />
                <path
                  d="M7 11.5h2.5l1.2-2 1.8 4l1.2-2H17"
                />
              </svg>
            </button>
            <button
              aria-label="Canal"
              class="oc-rail-btn"
              title="Canal"
              type="button"
            >
              <svg
                aria-hidden="true"
                fill="none"
                focusable="false"
                stroke="currentColor"
                stroke-linecap="round"
                stroke-linejoin="round"
                stroke-width="1.8"
                viewBox="0 0 24 24"
              >
                <rect
                  height="14"
                  rx="2"
                  width="13"
                  x="7"
                  y="7"
                />
                <path
                  d="M7 9V5a2 2 0 012-2h8"
                />
                <path
                  d="M11 13h5M11 17h5"
                />
              </svg>
            </button>
            <button
              aria-label="APAC"
              class="oc-rail-btn"
              title="APAC"
              type="button"
            >
              <svg
                aria-hidden="true"
                fill="none"
                focusable="false"
                stroke="currentColor"
                stroke-linecap="round"
                stroke-linejoin="round"
                stroke-width="1.8"
                viewBox="0 0 24 24"
              >
                <path
                  d="M6 3h8l4 4v14H6z"
                />
                <path
                  d="M14 3v4h4"
                />
                <path
                  d="M9.3 14.5l2 2 3.6-4.2"
                />
              </svg>
            </button>
          </nav>
          <main
            class="oc-main"
            data-coluna="principal"
          >
            <header
              class="oc-topbar"
            >
              <nav
                aria-label="Trilha"
                class="oc-crumb"
              >
                <h1>
                  OncoGlobal — WORK
                </h1>
                <svg
                  aria-hidden="true"
                  fill="none"
                  focusable="false"
                  stroke="currentColor"
                  stroke-linecap="round"
                  stroke-linejoin="round"
                  stroke-width="1.75"
                  viewBox="0 0 24 24"
                >
                  <path
                    d="M9 6l6 6-6 6"
                  />
                </svg>
                <span>
                  dados sintéticos
                </span>
                <svg
                  aria-hidden="true"
                  fill="none"
                  focusable="false"
                  stroke="currentColor"
                  stroke-linecap="round"
                  stroke-linejoin="round"
                  stroke-width="1.75"
                  viewBox="0 0 24 24"
                >
                  <path
                    d="M9 6l6 6-6 6"
                  />
                </svg>
                <span>
                  Agenda
                </span>
              </nav>
              <button
                aria-keyshortcuts="Control+K"
                aria-label="Buscar"
                class="oc-busca"
                type="button"
              >
                <svg
                  aria-hidden="true"
                  fill="none"
                  focusable="false"
                  stroke="currentColor"
                  stroke-linecap="round"
                  stroke-linejoin="round"
                  stroke-width="1.75"
                  viewBox="0 0 24 24"
                >
                  <circle
                    cx="11"
                    cy="11"
                    r="7"
                  />
                  <path
                    d="M20 20l-3.5-3.5"
                  />
                </svg>
                <span>
                  Buscar pacientes, exames, protocolos…
                </span>
                <span
                  class="oc-kbd"
                >
                  Ctrl K
                </span>
              </button>
              <section
                aria-label="Comandos"
                class="oc-comandos"
              />
              <button
                aria-label="Dia / noite, agora noite"
                aria-pressed="true"
                class="oc-tema"
                type="button"
              >
                <svg
                  aria-hidden="true"
                  fill="none"
                  focusable="false"
                  stroke="currentColor"
                  stroke-linecap="round"
                  stroke-linejoin="round"
                  stroke-width="1.75"
                  viewBox="0 0 24 24"
                >
                  <path
                    d="M21 14.5A8.5 8.5 0 1 1 9.5 3 7 7 0 0 0 21 14.5z"
                  />
                </svg>
                <svg
                  aria-hidden="true"
                  fill="none"
                  focusable="false"
                  stroke="currentColor"
                  stroke-linecap="round"
                  stroke-linejoin="round"
                  stroke-width="1.75"
                  viewBox="0 0 24 24"
                >
                  <circle
                    cx="12"
                    cy="12"
                    r="4"
                  />
                  <path
                    d="M12 3v2M12 19v2M3 12h2M19 12h2M5.6 5.6l1.4 1.4M17 17l1.4 1.4M18.4 5.6 17 7M7 17l-1.4 1.4"
                  />
                </svg>
                <span
                  class="oc-knob"
                >
                  <svg
                    aria-hidden="true"
                    fill="none"
                    focusable="false"
                    stroke="currentColor"
                    stroke-linecap="round"
                    stroke-linejoin="round"
                    stroke-width="1.75"
                    viewBox="0 0 24 24"
                  >
                    <path
                      d="M21 14.5A8.5 8.5 0 1 1 9.5 3 7 7 0 0 0 21 14.5z"
                    />
                  </svg>
                </span>
              </button>
              <div
                class="oc-pop"
              >
                <button
                  aria-expanded="false"
                  aria-haspopup="true"
                  aria-label="Alertas"
                  class="oc-icon-btn"
                  type="button"
                >
                  <svg
                    aria-hidden="true"
                    fill="none"
                    focusable="false"
                    stroke="currentColor"
                    stroke-linecap="round"
                    stroke-linejoin="round"
                    stroke-width="1.75"
                    viewBox="0 0 24 24"
                  >
                    <path
                      d="M6 16V11a6 6 0 1 1 12 0v5l1.5 2h-15z"
                    />
                    <path
                      d="M10 19a2 2 0 0 0 4 0"
                    />
                  </svg>
                </button>
              </div>
              <div
                class="oc-pop"
              >
                <button
                  aria-expanded="false"
                  aria-haspopup="true"
                  aria-label="Usuário"
                  class="oc-avatar"
                  type="button"
                >
                  MT
                </button>
              </div>
            </header>
            <div
              class="oc-corpo"
            >
              <section
                aria-label="Agenda do dia"
                class="pilha"
              >
                <h1>
                  Agenda do dia
                </h1>
                <button
                  type="button"
                >
                  próximo paciente
                </button>
                <ol>
                  <li
                    data-patient="pt-pendente"
                  >
                    <button
                      type="button"
                    >
                      abrir 
                      Paciente Teste 03
                       
                      PR-PENDENTE
                    </button>
                    <p>
                      08:00
                    </p>
                    <p
                      class="semaforo semaforo-pendente"
                      data-semaforo="PENDENTE"
                    >
                      PENDENTE
                    </p>
                    <p>
                      ◐ 
                      4
                       pendentes
                    </p>
                    <p>
                      pré-consulta pronta: 
                      não
                    </p>
                    <p>
                      contatos desde a última consulta: 
                      0
                    </p>
                  </li>
                  <li
                    data-patient="pt-verde"
                  >
                    <button
                      type="button"
                    >
                      abrir 
                      Paciente Teste
                       
                      PR-VERDE
                    </button>
                    <p>
                      08:30
                    </p>
                    <p
                      class="semaforo semaforo-verde"
                      data-semaforo="VERDE"
                    >
                      VERDE
                    </p>
                    <p>
                      ◐ 
                      0
                       pendentes
                    </p>
                    <p>
                      pré-consulta pronta: 
                      sim
                    </p>
                    <p>
                      contatos desde a última consulta: 
                      0
                    </p>
                  </li>
                  <li
                    data-patient="pt-e1"
                  >
                    <button
                      type="button"
                    >
                      abrir 
                      Paciente Teste 04
                       
                      PR-E1
                    </button>
                    <p>
                      09:00
                    </p>
                    <p
                      class="semaforo semaforo-vermelho"
                      data-semaforo="VERMELHO"
                    >
                      VERMELHO
                    </p>
                    <p>
                      ◐ 
                      1
                       pendentes
                    </p>
                    <p>
                      pré-consulta pronta: 
                      sim
                    </p>
                    <p>
                      contatos desde a última consulta: 
                      0
                    </p>
                    <p>
                      E1
                    </p>
                  </li>
                  <li
                    data-patient="pt-vermelho"
                  >
                    <button
                      type="button"
                    >
                      abrir 
                      Paciente Teste
                       
                      PR-VERMELHO
                    </button>
                    <p>
                      10:00
                    </p>
                    <p
                      class="semaforo semaforo-vermelho"
                      data-semaforo="VERMELHO"
                    >
                      VERMELHO
                    </p>
                    <p>
                      ◐ 
                      1
                       pendentes
                    </p>
                    <p>
                      pré-consulta pronta: 
                      sim
                    </p>
                    <p>
                      contatos desde a última consulta: 
                      0
                    </p>
                  </li>
                  <li
                    data-patient="pt-multi"
                  >
                    <button
                      type="button"
                    >
                      abrir 
                      Paciente Teste 05
                       
                      PR-MULTI
                    </button>
                    <p>
                      11:00
                    </p>
                    <p
                      class="semaforo semaforo-verde"
                      data-semaforo="VERDE"
                    >
                      VERDE
                    </p>
                    <p>
                      ◐ 
                      1
                       pendentes
                    </p>
                    <p>
                      pré-consulta pronta: 
                      sim
                    </p>
                    <p>
                      contatos desde a última consulta: 
                      0
                    </p>
                  </li>
                  <li
                    data-patient="pt-canal"
                  >
                    <button
                      type="button"
                    >
                      abrir 
                      Paciente Teste 06
                       
                      PR-CANAL
                    </button>
                    <p>
                      14:00
                    </p>
                    <p
                      class="semaforo semaforo-verde"
                      data-semaforo="VERDE"
                    >
                      VERDE
                    </p>
                    <p>
                      ◐ 
                      1
                       pendentes
                    </p>
                    <p>
                      pré-consulta pronta: 
                      sim
                    </p>
                    <p>
                      contatos desde a última consulta: 
                      1
                    </p>
                  </li>
                </ol>
              </section>
            </div>
          </main>
          <aside
            aria-label="Painel lateral"
            class="oc-side"
            data-coluna="lateral"
          />
        </div>
      </div>
    </div>
  </div>
</body>
 ❯ Object.getElementError node_modules/@testing-library/dom/dist/config.js:37:19
 ❯ node_modules/@testing-library/dom/dist/query-helpers.js:76:38
 ❯ node_modules/@testing-library/dom/dist/query-helpers.js:52:17
 ❯ node_modules/@testing-library/dom/dist/query-helpers.js:95:19
 ❯ tests/w10-cursor/layout.test.tsx:68:19
     66|     await screen.findByRole("region", { name: "Agenda do dia" }, lento…
     67|     fireEvent.keyDown(window, { key: "k", ctrlKey: true });
     68|     expect(screen.getByRole("dialog", { name: "Barra de comando" })).t…
       |                   ^
     69|     fireEvent.keyDown(window, { key: "k", ctrlKey: true });
     70|     expect(screen.queryByRole("dialog", { name: "Barra de comando" }))…

⎯⎯⎯⎯⎯⎯⎯⎯⎯⎯⎯⎯⎯⎯⎯⎯⎯⎯⎯⎯⎯⎯⎯⎯[1/1]⎯


 Test Files  1 failed | 48 passed (49)
      Tests  1 failed | 130 passed (131)
   Start at  14:31:41
   Duration  184.67s (environment 50%, tests 24%, import 20%, transform 6%)

    Isolate  49 workers spawned · ~2.04s startup each (spawn + environment, per file)
             at least ~97.83s faster with isolate: false — reuses workers across files instead of one per file

